Archive member included to satisfy reference by file (symbol)

/usr/lib/gcc/arm-none-eabi/10.3.1/thumb/v7e-m+fp/hard/libgcc.a(_aeabi_uldivmod.o)
                              CMakeFiles/LineFollower.dir/drivers/STM32F4xx_HAL_Driver/Src/stm32f4xx_hal_rcc.c.obj (__aeabi_uldivmod)
/usr/lib/gcc/arm-none-eabi/10.3.1/thumb/v7e-m+fp/hard/libgcc.a(_udivmoddi4.o)
                              /usr/lib/gcc/arm-none-eabi/10.3.1/thumb/v7e-m+fp/hard/libgcc.a(_aeabi_uldivmod.o) (__udivmoddi4)
/usr/lib/gcc/arm-none-eabi/10.3.1/thumb/v7e-m+fp/hard/libgcc.a(_dvmd_tls.o)
                              /usr/lib/gcc/arm-none-eabi/10.3.1/thumb/v7e-m+fp/hard/libgcc.a(_aeabi_uldivmod.o) (__aeabi_ldiv0)
/usr/lib/gcc/arm-none-eabi/10.3.1/../../../arm-none-eabi/lib/thumb/v7e-m+fp/hard/libc_nano.a(lib_a-atexit.o)
                              /usr/lib/gcc/arm-none-eabi/10.3.1/../../../arm-none-eabi/lib/thumb/v7e-m+fp/hard/crt0.o (atexit)
/usr/lib/gcc/arm-none-eabi/10.3.1/../../../arm-none-eabi/lib/thumb/v7e-m+fp/hard/libc_nano.a(lib_a-exit.o)
                              /usr/lib/gcc/arm-none-eabi/10.3.1/../../../arm-none-eabi/lib/thumb/v7e-m+fp/hard/crt0.o (exit)
/usr/lib/gcc/arm-none-eabi/10.3.1/../../../arm-none-eabi/lib/thumb/v7e-m+fp/hard/libc_nano.a(lib_a-fini.o)
                              /usr/lib/gcc/arm-none-eabi/10.3.1/../../../arm-none-eabi/lib/thumb/v7e-m+fp/hard/crt0.o (__libc_fini_array)
/usr/lib/gcc/arm-none-eabi/10.3.1/../../../arm-none-eabi/lib/thumb/v7e-m+fp/hard/libc_nano.a(lib_a-impure.o)
                              /usr/lib/gcc/arm-none-eabi/10.3.1/../../../arm-none-eabi/lib/thumb/v7e-m+fp/hard/libc_nano.a(lib_a-exit.o) (_global_impure_ptr)
/usr/lib/gcc/arm-none-eabi/10.3.1/../../../arm-none-eabi/lib/thumb/v7e-m+fp/hard/libc_nano.a(lib_a-init.o)
                              /usr/lib/gcc/arm-none-eabi/10.3.1/../../../arm-none-eabi/lib/thumb/v7e-m+fp/hard/crt0.o (__libc_init_array)
/usr/lib/gcc/arm-none-eabi/10.3.1/../../../arm-none-eabi/lib/thumb/v7e-m+fp/hard/libc_nano.a(lib_a-memset.o)
                              /usr/lib/gcc/arm-none-eabi/10.3.1/../../../arm-none-eabi/lib/thumb/v7e-m+fp/hard/crt0.o (memset)
/usr/lib/gcc/arm-none-eabi/10.3.1/../../../arm-none-eabi/lib/thumb/v7e-m+fp/hard/libc_nano.a(lib_a-__atexit.o)
                              /usr/lib/gcc/arm-none-eabi/10.3.1/../../../arm-none-eabi/lib/thumb/v7e-m+fp/hard/libc_nano.a(lib_a-atexit.o) (__register_exitproc)
/usr/lib/gcc/arm-none-eabi/10.3.1/../../../arm-none-eabi/lib/thumb/v7e-m+fp/hard/libc_nano.a(lib_a-__call_atexit.o)
                              /usr/lib/gcc/arm-none-eabi/10.3.1/../../../arm-none-eabi/lib/thumb/v7e-m+fp/hard/libc_nano.a(lib_a-__atexit.o) (__call_exitprocs)
/usr/lib/gcc/arm-none-eabi/10.3.1/../../../arm-none-eabi/lib/thumb/v7e-m+fp/hard/libnosys.a(_exit.o)
                              /usr/lib/gcc/arm-none-eabi/10.3.1/../../../arm-none-eabi/lib/thumb/v7e-m+fp/hard/libc_nano.a(lib_a-exit.o) (_exit)

Discarded input sections

 .text          0x0000000000000000        0x0 /usr/lib/gcc/arm-none-eabi/10.3.1/thumb/v7e-m+fp/hard/crti.o
 .data          0x0000000000000000        0x0 /usr/lib/gcc/arm-none-eabi/10.3.1/thumb/v7e-m+fp/hard/crti.o
 .bss           0x0000000000000000        0x0 /usr/lib/gcc/arm-none-eabi/10.3.1/thumb/v7e-m+fp/hard/crti.o
 .data          0x0000000000000000        0x4 /usr/lib/gcc/arm-none-eabi/10.3.1/thumb/v7e-m+fp/hard/crtbegin.o
 .rodata        0x0000000000000000       0x24 /usr/lib/gcc/arm-none-eabi/10.3.1/thumb/v7e-m+fp/hard/crtbegin.o
 .text          0x0000000000000000       0x70 /usr/lib/gcc/arm-none-eabi/10.3.1/../../../arm-none-eabi/lib/thumb/v7e-m+fp/hard/crt0.o
 .data          0x0000000000000000        0x0 /usr/lib/gcc/arm-none-eabi/10.3.1/../../../arm-none-eabi/lib/thumb/v7e-m+fp/hard/crt0.o
 .bss           0x0000000000000000        0x0 /usr/lib/gcc/arm-none-eabi/10.3.1/../../../arm-none-eabi/lib/thumb/v7e-m+fp/hard/crt0.o
 .ARM.extab     0x0000000000000000        0x0 /usr/lib/gcc/arm-none-eabi/10.3.1/../../../arm-none-eabi/lib/thumb/v7e-m+fp/hard/crt0.o
 .ARM.exidx     0x0000000000000000       0x10 /usr/lib/gcc/arm-none-eabi/10.3.1/../../../arm-none-eabi/lib/thumb/v7e-m+fp/hard/crt0.o
 .debug_line    0x0000000000000000       0x87 /usr/lib/gcc/arm-none-eabi/10.3.1/../../../arm-none-eabi/lib/thumb/v7e-m+fp/hard/crt0.o
 .debug_info    0x0000000000000000       0x26 /usr/lib/gcc/arm-none-eabi/10.3.1/../../../arm-none-eabi/lib/thumb/v7e-m+fp/hard/crt0.o
 .debug_abbrev  0x0000000000000000       0x14 /usr/lib/gcc/arm-none-eabi/10.3.1/../../../arm-none-eabi/lib/thumb/v7e-m+fp/hard/crt0.o
 .debug_aranges
                0x0000000000000000       0x20 /usr/lib/gcc/arm-none-eabi/10.3.1/../../../arm-none-eabi/lib/thumb/v7e-m+fp/hard/crt0.o
 .debug_str     0x0000000000000000       0x98 /usr/lib/gcc/arm-none-eabi/10.3.1/../../../arm-none-eabi/lib/thumb/v7e-m+fp/hard/crt0.o
 .ARM.attributes
[...]
Memory Configuration

Name             Origin             Length             Attributes
RAM              0x0000000020000000 0x0000000000020000 xrw
FLASH            0x0000000008000000 0x0000000000080000 xr
*default*        0x0000000000000000 0xffffffffffffffff

Linker script and memory map

LOAD /usr/lib/gcc/arm-none-eabi/10.3.1/thumb/v7e-m+fp/hard/crti.o
LOAD /usr/lib/gcc/arm-none-eabi/10.3.1/thumb/v7e-m+fp/hard/crtbegin.o
LOAD /usr/lib/gcc/arm-none-eabi/10.3.1/../../../arm-none-eabi/lib/thumb/v7e-m+fp/hard/crt0.o
LOAD CMakeFiles/LineFollower.dir/app/src/blink.c.obj
LOAD CMakeFiles/LineFollower.dir/app/src/fsm.c.obj
LOAD CMakeFiles/LineFollower.dir/app/src/main.c.obj
LOAD CMakeFiles/LineFollower.dir/app/src/motor.c.obj
LOAD CMakeFiles/LineFollower.dir/app/src/pid.c.obj
LOAD CMakeFiles/LineFollower.dir/app/src/sensor.c.obj
LOAD CMakeFiles/LineFollower.dir/bsp/src/adc.c.obj
LOAD CMakeFiles/LineFollower.dir/bsp/src/gpio.c.obj
LOAD CMakeFiles/LineFollower.dir/bsp/src/pwm.c.obj
LOAD CMakeFiles/LineFollower.dir/bsp/src/system_stm32f4xx.c.obj
LOAD CMakeFiles/LineFollower.dir/drivers/STM32F4xx_HAL_Driver/Src/stm32f4xx_hal.c.obj
LOAD CMakeFiles/LineFollower.dir/drivers/STM32F4xx_HAL_Driver/Src/stm32f4xx_hal_adc.c.obj
LOAD CMakeFiles/LineFollower.dir/drivers/STM32F4xx_HAL_Driver/Src/stm32f4xx_hal_adc_ex.c.obj
LOAD CMakeFiles/LineFollower.dir/drivers/STM32F4xx_HAL_Driver/Src/stm32f4xx_hal_can.c.obj
LOAD CMakeFiles/LineFollower.dir/drivers/STM32F4xx_HAL_Driver/Src/stm32f4xx_hal_cec.c.obj
LOAD CMakeFiles/LineFollower.dir/drivers/STM32F4xx_HAL_Driver/Src/stm32f4xx_hal_cortex.c.obj
LOAD CMakeFiles/LineFollower.dir/drivers/STM32F4xx_HAL_Driver/Src/stm32f4xx_hal_crc.c.obj
LOAD CMakeFiles/LineFollower.dir/drivers/STM32F4xx_HAL_Driver/Src/stm32f4xx_hal_cryp.c.obj
LOAD CMakeFiles/LineFollower.dir/drivers/STM32F4xx_HAL_Driver/Src/stm32f4xx_hal_cryp_ex.c.obj
LOAD CMakeFiles/LineFollower.dir/drivers/STM32F4xx_HAL_Driver/Src/stm32f4xx_hal_dac.c.obj
LOAD CMakeFiles/LineFollower.dir/drivers/STM32F4xx_HAL_Driver/Src/stm32f4xx_hal_dac_ex.c.obj
LOAD CMakeFiles/LineFollower.dir/drivers/STM32F4xx_HAL_Driver/Src/stm32f4xx_hal_dcmi.c.obj
LOAD CMakeFiles/LineFollower.dir/drivers/STM32F4xx_HAL_Driver/Src/stm32f4xx_hal_dcmi_ex.c.obj
LOAD CMakeFiles/LineFollower.dir/drivers/STM32F4xx_HAL_Driver/Src/stm32f4xx_hal_dfsdm.c.obj
LOAD CMakeFiles/LineFollower.dir/drivers/STM32F4xx_HAL_Driver/Src/stm32f4xx_hal_dma.c.obj
LOAD CMakeFiles/LineFollower.dir/drivers/STM32F4xx_HAL_Driver/Src/stm32f4xx_hal_dma2d.c.obj
LOAD CMakeFiles/LineFollower.dir/drivers/STM32F4xx_HAL_Driver/Src/stm32f4xx_hal_dma_ex.c.obj
LOAD CMakeFiles/LineFollower.dir/drivers/STM32F4xx_HAL_Driver/Src/stm32f4xx_hal_dsi.c.obj
LOAD CMakeFiles/LineFollower.dir/drivers/STM32F4xx_HAL_Driver/Src/stm32f4xx_hal_eth.c.obj
LOAD CMakeFiles/LineFollower.dir/drivers/STM32F4xx_HAL_Driver/Src/stm32f4xx_hal_exti.c.obj
LOAD CMakeFiles/LineFollower.dir/drivers/STM32F4xx_HAL_Driver/Src/stm32f4xx_hal_flash.c.obj
LOAD CMakeFiles/LineFollower.dir/drivers/STM32F4xx_HAL_Driver/Src/stm32f4xx_hal_flash_ex.c.obj
LOAD CMakeFiles/LineFollower.dir/drivers/STM32F4xx_HAL_Driver/Src/stm32f4xx_hal_flash_ramfunc.c.obj
LOAD CMakeFiles/LineFollower.dir/drivers/STM32F4xx_HAL_Driver/Src/stm32f4xx_hal_fmpi2c.c.obj
LOAD CMakeFiles/LineFollower.dir/drivers/STM32F4xx_HAL_Driver/Src/stm32f4xx_hal_fmpi2c_ex.c.obj
LOAD CMakeFiles/LineFollower.dir/drivers/STM32F4xx_HAL_Driver/Src/stm32f4xx_hal_fmpsmbus.c.obj
LOAD CMakeFiles/LineFollower.dir/drivers/STM32F4xx_HAL_Driver/Src/stm32f4xx_hal_fmpsmbus_ex.c.obj
LOAD CMakeFiles/LineFollower.dir/drivers/STM32F4xx_HAL_Driver/Src/stm32f4xx_hal_gpio.c.obj
LOAD CMakeFiles/LineFollower.dir/drivers/STM32F4xx_HAL_Driver/Src/stm32f4xx_hal_hash.c.obj
LOAD CMakeFiles/LineFollower.dir/drivers/STM32F4xx_HAL_Driver/Src/stm32f4xx_hal_hash_ex.c.obj
LOAD CMakeFiles/LineFollower.dir/drivers/STM32F4xx_HAL_Driver/Src/stm32f4xx_hal_hcd.c.obj
LOAD CMakeFiles/LineFollower.dir/drivers/STM32F4xx_HAL_Driver/Src/stm32f4xx_hal_i2c.c.obj
LOAD CMakeFiles/LineFollower.dir/drivers/STM32F4xx_HAL_Driver/Src/stm32f4xx_hal_i2c_ex.c.obj
LOAD CMakeFiles/LineFollower.dir/drivers/STM32F4xx_HAL_Driver/Src/stm32f4xx_hal_i2s.c.obj
LOAD CMakeFiles/LineFollower.dir/drivers/STM32F4xx_HAL_Driver/Src/stm32f4xx_hal_i2s_ex.c.obj
LOAD CMakeFiles/LineFollower.dir/drivers/STM32F4xx_HAL_Driver/Src/stm32f4xx_hal_irda.c.obj
LOAD CMakeFiles/LineFollower.dir/drivers/STM32F4xx_HAL_Driver/Src/stm32f4xx_hal_iwdg.c.obj
LOAD CMakeFiles/LineFollower.dir/drivers/STM32F4xx_HAL_Driver/Src/stm32f4xx_hal_lptim.c.obj
LOAD CMakeFiles/LineFollower.dir/drivers/STM32F4xx_HAL_Driver/Src/stm32f4xx_hal_ltdc.c.obj
LOAD CMakeFiles/LineFollower.dir/drivers/STM32F4xx_HAL_Driver/Src/stm32f4xx_hal_ltdc_ex.c.obj
LOAD CMakeFiles/LineFollower.dir/drivers/STM32F4xx_HAL_Driver/Src/stm32f4xx_hal_mmc.c.obj
LOAD CMakeFiles/LineFollower.dir/drivers/STM32F4xx_HAL_Driver/Src/stm32f4xx_hal_nand.c.obj
LOAD CMakeFiles/LineFollower.dir/drivers/STM32F4xx_HAL_Driver/Src/stm32f4xx_hal_nor.c.obj
LOAD CMakeFiles/LineFollower.dir/drivers/STM32F4xx_HAL_Driver/Src/stm32f4xx_hal_pccard.c.obj
LOAD CMakeFiles/LineFollower.dir/drivers/STM32F4xx_HAL_Driver/Src/stm32f4xx_hal_pcd.c.obj
LOAD CMakeFiles/LineFollower.dir/drivers/STM32F4xx_HAL_Driver/Src/stm32f4xx_hal_pcd_ex.c.obj
LOAD CMakeFiles/LineFollower.dir/drivers/STM32F4xx_HAL_Driver/Src/stm32f4xx_hal_pwr.c.obj
LOAD CMakeFiles/LineFollower.dir/drivers/STM32F4xx_HAL_Driver/Src/stm32f4xx_hal_pwr_ex.c.obj
LOAD CMakeFiles/LineFollower.dir/drivers/STM32F4xx_HAL_Driver/Src/stm32f4xx_hal_qspi.c.obj
LOAD CMakeFiles/LineFollower.dir/drivers/STM32F4xx_HAL_Driver/Src/stm32f4xx_hal_rcc.c.obj
LOAD CMakeFiles/LineFollower.dir/drivers/STM32F4xx_HAL_Driver/Src/stm32f4xx_hal_rcc_ex.c.obj
LOAD CMakeFiles/LineFollower.dir/drivers/STM32F4xx_HAL_Driver/Src/stm32f4xx_hal_rng.c.obj
LOAD CMakeFiles/LineFollower.dir/drivers/STM32F4xx_HAL_Driver/Src/stm32f4xx_hal_rtc.c.obj
LOAD CMakeFiles/LineFollower.dir/drivers/STM32F4xx_HAL_Driver/Src/stm32f4xx_hal_rtc_ex.c.obj
LOAD CMakeFiles/LineFollower.dir/drivers/STM32F4xx_HAL_Driver/Src/stm32f4xx_hal_sai.c.obj
LOAD CMakeFiles/LineFollower.dir/drivers/STM32F4xx_HAL_Driver/Src/stm32f4xx_hal_sai_ex.c.obj
LOAD CMakeFiles/LineFollower.dir/drivers/STM32F4xx_HAL_Driver/Src/stm32f4xx_hal_sd.c.obj
LOAD CMakeFiles/LineFollower.dir/drivers/STM32F4xx_HAL_Driver/Src/stm32f4xx_hal_sdram.c.obj
LOAD CMakeFiles/LineFollower.dir/drivers/STM32F4xx_HAL_Driver/Src/stm32f4xx_hal_smartcard.c.obj
LOAD CMakeFiles/LineFollower.dir/drivers/STM32F4xx_HAL_Driver/Src/stm32f4xx_hal_smbus.c.obj
LOAD CMakeFiles/LineFollower.dir/drivers/STM32F4xx_HAL_Driver/Src/stm32f4xx_hal_spdifrx.c.obj
LOAD CMakeFiles/LineFollower.dir/drivers/STM32F4xx_HAL_Driver/Src/stm32f4xx_hal_spi.c.obj
LOAD CMakeFiles/LineFollower.dir/drivers/STM32F4xx_HAL_Driver/Src/stm32f4xx_hal_sram.c.obj
LOAD CMakeFiles/LineFollower.dir/drivers/STM32F4xx_HAL_Driver/Src/stm32f4xx_hal_tim.c.obj
LOAD CMakeFiles/LineFollower.dir/drivers/STM32F4xx_HAL_Driver/Src/stm32f4xx_hal_tim_ex.c.obj
LOAD CMakeFiles/LineFollower.dir/drivers/STM32F4xx_HAL_Driver/Src/stm32f4xx_hal_uart.c.obj
LOAD CMakeFiles/LineFollower.dir/drivers/STM32F4xx_HAL_Driver/Src/stm32f4xx_hal_usart.c.obj
LOAD CMakeFiles/LineFollower.dir/drivers/STM32F4xx_HAL_Driver/Src/stm32f4xx_hal_wwdg.c.obj
LOAD CMakeFiles/LineFollower.dir/drivers/STM32F4xx_HAL_Driver/Src/stm32f4xx_ll_adc.c.obj
LOAD CMakeFiles/LineFollower.dir/drivers/STM32F4xx_HAL_Driver/Src/stm32f4xx_ll_crc.c.obj
LOAD CMakeFiles/LineFollower.dir/drivers/STM32F4xx_HAL_Driver/Src/stm32f4xx_ll_dac.c.obj
LOAD CMakeFiles/LineFollower.dir/drivers/STM32F4xx_HAL_Driver/Src/stm32f4xx_ll_dma.c.obj
LOAD CMakeFiles/LineFollower.dir/drivers/STM32F4xx_HAL_Driver/Src/stm32f4xx_ll_dma2d.c.obj
LOAD CMakeFiles/LineFollower.dir/drivers/STM32F4xx_HAL_Driver/Src/stm32f4xx_ll_exti.c.obj
LOAD CMakeFiles/LineFollower.dir/drivers/STM32F4xx_HAL_Driver/Src/stm32f4xx_ll_fmc.c.obj
LOAD CMakeFiles/LineFollower.dir/drivers/STM32F4xx_HAL_Driver/Src/stm32f4xx_ll_fmpi2c.c.obj
LOAD CMakeFiles/LineFollower.dir/drivers/STM32F4xx_HAL_Driver/Src/stm32f4xx_ll_fsmc.c.obj
LOAD CMakeFiles/LineFollower.dir/drivers/STM32F4xx_HAL_Driver/Src/stm32f4xx_ll_gpio.c.obj
LOAD CMakeFiles/LineFollower.dir/drivers/STM32F4xx_HAL_Driver/Src/stm32f4xx_ll_i2c.c.obj
LOAD CMakeFiles/LineFollower.dir/drivers/STM32F4xx_HAL_Driver/Src/stm32f4xx_ll_lptim.c.obj
LOAD CMakeFiles/LineFollower.dir/drivers/STM32F4xx_HAL_Driver/Src/stm32f4xx_ll_pwr.c.obj
LOAD CMakeFiles/LineFollower.dir/drivers/STM32F4xx_HAL_Driver/Src/stm32f4xx_ll_rcc.c.obj
LOAD CMakeFiles/LineFollower.dir/drivers/STM32F4xx_HAL_Driver/Src/stm32f4xx_ll_rng.c.obj
LOAD CMakeFiles/LineFollower.dir/drivers/STM32F4xx_HAL_Driver/Src/stm32f4xx_ll_rtc.c.obj
LOAD CMakeFiles/LineFollower.dir/drivers/STM32F4xx_HAL_Driver/Src/stm32f4xx_ll_sdmmc.c.obj
LOAD CMakeFiles/LineFollower.dir/drivers/STM32F4xx_HAL_Driver/Src/stm32f4xx_ll_spi.c.obj
LOAD CMakeFiles/LineFollower.dir/drivers/STM32F4xx_HAL_Driver/Src/stm32f4xx_ll_tim.c.obj
LOAD CMakeFiles/LineFollower.dir/drivers/STM32F4xx_HAL_Driver/Src/stm32f4xx_ll_usart.c.obj
LOAD CMakeFiles/LineFollower.dir/drivers/STM32F4xx_HAL_Driver/Src/stm32f4xx_ll_usb.c.obj
LOAD CMakeFiles/LineFollower.dir/drivers/STM32F4xx_HAL_Driver/Src/stm32f4xx_ll_utils.c.obj
LOAD CMakeFiles/LineFollower.dir/bsp/startup_stm32f411xe.s.obj
START GROUP
LOAD /usr/lib/gcc/arm-none-eabi/10.3.1/thumb/v7e-m+fp/hard/libgcc.a
LOAD /usr/lib/gcc/arm-none-eabi/10.3.1/../../../arm-none-eabi/lib/thumb/v7e-m+fp/hard/libc_nano.a
END GROUP
START GROUP
LOAD /usr/lib/gcc/arm-none-eabi/10.3.1/thumb/v7e-m+fp/hard/libgcc.a
LOAD /usr/lib/gcc/arm-none-eabi/10.3.1/../../../arm-none-eabi/lib/thumb/v7e-m+fp/hard/libc_nano.a
LOAD /usr/lib/gcc/arm-none-eabi/10.3.1/../../../arm-none-eabi/lib/thumb/v7e-m+fp/hard/libnosys.a
END GROUP
START GROUP
LOAD /usr/lib/gcc/arm-none-eabi/10.3.1/thumb/v7e-m+fp/hard/libgcc.a
LOAD /usr/lib/gcc/arm-none-eabi/10.3.1/../../../arm-none-eabi/lib/thumb/v7e-m+fp/hard/libc_nano.a
LOAD /usr/lib/gcc/arm-none-eabi/10.3.1/../../../arm-none-eabi/lib/thumb/v7e-m+fp/hard/libnosys.a
END GROUP
LOAD /usr/lib/gcc/arm-none-eabi/10.3.1/thumb/v7e-m+fp/hard/crtend.o
LOAD /usr/lib/gcc/arm-none-eabi/10.3.1/thumb/v7e-m+fp/hard/crtn.o
                0x0000000020020000                _estack = (ORIGIN (RAM) + LENGTH (RAM))
                0x000000002001fc00                _sstack = (_estack - _Min_Stack_Size)
                0x0000000000000200                _Min_Heap_Size = 0x200
                0x0000000000000400                _Min_Stack_Size = 0x400

.isr_vector     0x0000000008000000      0x198
                0x0000000008000000                . = ALIGN (0x4)
 *(.isr_vector)
 .isr_vector    0x0000000008000000      0x198 CMakeFiles/LineFollower.dir/bsp/startup_stm32f411xe.s.obj
                0x0000000008000000                g_pfnVectors
                0x0000000008000198                . = ALIGN (0x4)

.text           0x0000000008000198     0x31d0
                0x0000000008000198                . = ALIGN (0x4)
 *(.text)
 .text          0x0000000008000198       0x88 /usr/lib/gcc/arm-none-eabi/10.3.1/thumb/v7e-m+fp/hard/crtbegin.o
 .text          0x0000000008000220       0x30 /usr/lib/gcc/arm-none-eabi/10.3.1/thumb/v7e-m+fp/hard/libgcc.a(_aeabi_uldivmod.o)
                0x0000000008000220                __aeabi_uldivmod
 .text          0x0000000008000250      0x2d0 /usr/lib/gcc/arm-none-eabi/10.3.1/thumb/v7e-m+fp/hard/libgcc.a(_udivmoddi4.o)
                0x0000000008000250                __udivmoddi4
 .text          0x0000000008000520        0x4 /usr/lib/gcc/arm-none-eabi/10.3.1/thumb/v7e-m+fp/hard/libgcc.a(_dvmd_tls.o)
                0x0000000008000520                __aeabi_ldiv0
                0x0000000008000520                __aeabi_idiv0
 .text          0x0000000008000524       0x48 /usr/lib/gcc/arm-none-eabi/10.3.1/../../../arm-none-eabi/lib/thumb/v7e-m+fp/hard/libc_nano.a(lib_a-init.o)
                0x0000000008000524                __libc_init_array
 .text          0x000000000800056c       0xa4 /usr/lib/gcc/arm-none-eabi/10.3.1/../../../arm-none-eabi/lib/thumb/v7e-m+fp/hard/libc_nano.a(lib_a-memset.o)
                0x000000000800056c                memset
 *(.text*)
 .text.Blink_Init
                0x0000000008000610       0x24 CMakeFiles/LineFollower.dir/app/src/blink.c.obj
                0x0000000008000610                Blink_Init
 .text.Key_Init
                0x0000000008000634       0x20 CMakeFiles/LineFollower.dir/app/src/blink.c.obj
                0x0000000008000634                Key_Init
 .text.Blink_Process
                0x0000000008000654       0x40 CMakeFiles/LineFollower.dir/app/src/blink.c.obj
                0x0000000008000654                Blink_Process
 .text.FSM_Init
                0x0000000008000694       0x18 CMakeFiles/LineFollower.dir/app/src/fsm.c.obj
                0x0000000008000694                FSM_Init
 .text.FSM_SetState
                0x00000000080006ac       0x20 CMakeFiles/LineFollower.dir/app/src/fsm.c.obj
                0x00000000080006ac                FSM_SetState
 .text.FSM_Update
                0x00000000080006cc       0xdc CMakeFiles/LineFollower.dir/app/src/fsm.c.obj
                0x00000000080006cc                FSM_Update
 .text.main     0x00000000080007a8       0x84 CMakeFiles/LineFollower.dir/app/src/main.c.obj
                0x00000000080007a8                main
 .text.SystemClock_Config
                0x000000000800082c       0xd0 CMakeFiles/LineFollower.dir/app/src/main.c.obj
                0x000000000800082c                SystemClock_Config
 .text.Error_Handler
                0x00000000080008fc        0xa CMakeFiles/LineFollower.dir/app/src/main.c.obj
                0x00000000080008fc                Error_Handler
 .text.SysTick_Handler
                0x0000000008000906        0xc CMakeFiles/LineFollower.dir/app/src/main.c.obj
                0x0000000008000906                SysTick_Handler
 .text.Motor_Init
                0x0000000008000912       0x3a CMakeFiles/LineFollower.dir/app/src/motor.c.obj
                0x0000000008000912                Motor_Init
 .text.Motor_SetSpeed
                0x000000000800094c      0x15e CMakeFiles/LineFollower.dir/app/src/motor.c.obj
                0x000000000800094c                Motor_SetSpeed
 .text.Motor_Stop
                0x0000000008000aaa       0x18 CMakeFiles/LineFollower.dir/app/src/motor.c.obj
                0x0000000008000aaa                Motor_Stop
 .text.PID_Init
                0x0000000008000ac2       0x48 CMakeFiles/LineFollower.dir/app/src/pid.c.obj
                0x0000000008000ac2                PID_Init
 .text.PID_Reset
                0x0000000008000b0a       0x24 CMakeFiles/LineFollower.dir/app/src/pid.c.obj
                0x0000000008000b0a                PID_Reset
 .text.Sensor_Init
                0x0000000008000b2e        0xc CMakeFiles/LineFollower.dir/app/src/sensor.c.obj
                0x0000000008000b2e                Sensor_Init
 *fill*         0x0000000008000b3a        0x2 
 .text.BSP_ADC_Init
                0x0000000008000b3c      0x1e4 CMakeFiles/LineFollower.dir/bsp/src/adc.c.obj
                0x0000000008000b3c                BSP_ADC_Init
 .text.BSP_GPIO_Init
                0x0000000008000d20       0x56 CMakeFiles/LineFollower.dir/bsp/src/gpio.c.obj
                0x0000000008000d20                BSP_GPIO_Init
 *fill*         0x0000000008000d76        0x2 
 .text.IsButtonPressed
                0x0000000008000d78       0x68 CMakeFiles/LineFollower.dir/bsp/src/gpio.c.obj
                0x0000000008000d78                IsButtonPressed
 .text.BSP_RCC_CLK_ENABLE
                0x0000000008000de0       0xc0 CMakeFiles/LineFollower.dir/bsp/src/gpio.c.obj
                0x0000000008000de0                BSP_RCC_CLK_ENABLE
 .text.BSP_PWM_Init
                0x0000000008000ea0      0x148 CMakeFiles/LineFollower.dir/bsp/src/pwm.c.obj
                0x0000000008000ea0                BSP_PWM_Init
 .text.SystemInit
                0x0000000008000fe8       0x24 CMakeFiles/LineFollower.dir/bsp/src/system_stm32f4xx.c.obj
                0x0000000008000fe8                SystemInit
 .text.HAL_Init
                0x000000000800100c       0x44 CMakeFiles/LineFollower.dir/drivers/STM32F4xx_HAL_Driver/Src/stm32f4xx_hal.c.obj
                0x000000000800100c                HAL_Init
 .text.HAL_MspInit
                0x0000000008001050        0xe CMakeFiles/LineFollower.dir/drivers/STM32F4xx_HAL_Driver/Src/stm32f4xx_hal.c.obj
                0x0000000008001050                HAL_MspInit
 *fill*         0x000000000800105e        0x2 
 .text.HAL_InitTick
                0x0000000008001060       0x60 CMakeFiles/LineFollower.dir/drivers/STM32F4xx_HAL_Driver/Src/stm32f4xx_hal.c.obj
                0x0000000008001060                HAL_InitTick
 .text.HAL_IncTick
                0x00000000080010c0       0x28 CMakeFiles/LineFollower.dir/drivers/STM32F4xx_HAL_Driver/Src/stm32f4xx_hal.c.obj
                0x00000000080010c0                HAL_IncTick
 .text.HAL_GetTick
                0x00000000080010e8       0x18 CMakeFiles/LineFollower.dir/drivers/STM32F4xx_HAL_Driver/Src/stm32f4xx_hal.c.obj
                0x00000000080010e8                HAL_GetTick
 .text.HAL_Delay
                0x0000000008001100       0x48 CMakeFiles/LineFollower.dir/drivers/STM32F4xx_HAL_Driver/Src/stm32f4xx_hal.c.obj
                0x0000000008001100                HAL_Delay
 .text.HAL_ADC_Init
                0x0000000008001148       0x86 CMakeFiles/LineFollower.dir/drivers/STM32F4xx_HAL_Driver/Src/stm32f4xx_hal_adc.c.obj
                0x0000000008001148                HAL_ADC_Init
 .text.HAL_ADC_MspInit
                0x00000000080011ce       0x14 CMakeFiles/LineFollower.dir/drivers/STM32F4xx_HAL_Driver/Src/stm32f4xx_hal_adc.c.obj
                0x00000000080011ce                HAL_ADC_MspInit
 *fill*         0x00000000080011e2        0x2 
 .text.HAL_ADC_Start_DMA
                0x00000000080011e4      0x1e8 CMakeFiles/LineFollower.dir/drivers/STM32F4xx_HAL_Driver/Src/stm32f4xx_hal_adc.c.obj
                0x00000000080011e4                HAL_ADC_Start_DMA
 .text.HAL_ADC_ConvCpltCallback
                0x00000000080013cc       0x14 CMakeFiles/LineFollower.dir/drivers/STM32F4xx_HAL_Driver/Src/stm32f4xx_hal_adc.c.obj
                0x00000000080013cc                HAL_ADC_ConvCpltCallback
 .text.HAL_ADC_ConvHalfCpltCallback
                0x00000000080013e0       0x14 CMakeFiles/LineFollower.dir/drivers/STM32F4xx_HAL_Driver/Src/stm32f4xx_hal_adc.c.obj
                0x00000000080013e0                HAL_ADC_ConvHalfCpltCallback
 .text.HAL_ADC_ErrorCallback
                0x00000000080013f4       0x14 CMakeFiles/LineFollower.dir/drivers/STM32F4xx_HAL_Driver/Src/stm32f4xx_hal_adc.c.obj
                0x00000000080013f4                HAL_ADC_ErrorCallback
 .text.HAL_ADC_ConfigChannel
                0x0000000008001408      0x264 CMakeFiles/LineFollower.dir/drivers/STM32F4xx_HAL_Driver/Src/stm32f4xx_hal_adc.c.obj
                0x0000000008001408                HAL_ADC_ConfigChannel
 .text.ADC_Init
                0x000000000800166c      0x1f8 CMakeFiles/LineFollower.dir/drivers/STM32F4xx_HAL_Driver/Src/stm32f4xx_hal_adc.c.obj
 .text.ADC_DMAConvCplt
                0x0000000008001864       0xba CMakeFiles/LineFollower.dir/drivers/STM32F4xx_HAL_Driver/Src/stm32f4xx_hal_adc.c.obj
 .text.ADC_DMAHalfConvCplt
                0x000000000800191e       0x1c CMakeFiles/LineFollower.dir/drivers/STM32F4xx_HAL_Driver/Src/stm32f4xx_hal_adc.c.obj
 .text.ADC_DMAError
                0x000000000800193a       0x2e CMakeFiles/LineFollower.dir/drivers/STM32F4xx_HAL_Driver/Src/stm32f4xx_hal_adc.c.obj
 .text.__NVIC_SetPriorityGrouping
                0x0000000008001968       0x48 CMakeFiles/LineFollower.dir/drivers/STM32F4xx_HAL_Driver/Src/stm32f4xx_hal_cortex.c.obj
 .text.__NVIC_GetPriorityGrouping
                0x00000000080019b0       0x1c CMakeFiles/LineFollower.dir/drivers/STM32F4xx_HAL_Driver/Src/stm32f4xx_hal_cortex.c.obj
 .text.__NVIC_SetPriority
                0x00000000080019cc       0x54 CMakeFiles/LineFollower.dir/drivers/STM32F4xx_HAL_Driver/Src/stm32f4xx_hal_cortex.c.obj
 .text.NVIC_EncodePriority
                0x0000000008001a20       0x66 CMakeFiles/LineFollower.dir/drivers/STM32F4xx_HAL_Driver/Src/stm32f4xx_hal_cortex.c.obj
 *fill*         0x0000000008001a86        0x2 
 .text.SysTick_Config
                0x0000000008001a88       0x44 CMakeFiles/LineFollower.dir/drivers/STM32F4xx_HAL_Driver/Src/stm32f4xx_hal_cortex.c.obj
 .text.HAL_NVIC_SetPriorityGrouping
                0x0000000008001acc       0x16 CMakeFiles/LineFollower.dir/drivers/STM32F4xx_HAL_Driver/Src/stm32f4xx_hal_cortex.c.obj
                0x0000000008001acc                HAL_NVIC_SetPriorityGrouping
 .text.HAL_NVIC_SetPriority
                0x0000000008001ae2       0x38 CMakeFiles/LineFollower.dir/drivers/STM32F4xx_HAL_Driver/Src/stm32f4xx_hal_cortex.c.obj
                0x0000000008001ae2                HAL_NVIC_SetPriority
 .text.HAL_SYSTICK_Config
                0x0000000008001b1a       0x18 CMakeFiles/LineFollower.dir/drivers/STM32F4xx_HAL_Driver/Src/stm32f4xx_hal_cortex.c.obj
                0x0000000008001b1a                HAL_SYSTICK_Config
 *fill*         0x0000000008001b32        0x2 
 .text.HAL_DMA_Init
                0x0000000008001b34      0x15c CMakeFiles/LineFollower.dir/drivers/STM32F4xx_HAL_Driver/Src/stm32f4xx_hal_dma.c.obj
                0x0000000008001b34                HAL_DMA_Init
 .text.HAL_DMA_Start_IT
                0x0000000008001c90       0xb0 CMakeFiles/LineFollower.dir/drivers/STM32F4xx_HAL_Driver/Src/stm32f4xx_hal_dma.c.obj
                0x0000000008001c90                HAL_DMA_Start_IT
 .text.DMA_SetConfig
                0x0000000008001d40       0x5c CMakeFiles/LineFollower.dir/drivers/STM32F4xx_HAL_Driver/Src/stm32f4xx_hal_dma.c.obj
 .text.DMA_CalcBaseAndBitshift
                0x0000000008001d9c       0x6c CMakeFiles/LineFollower.dir/drivers/STM32F4xx_HAL_Driver/Src/stm32f4xx_hal_dma.c.obj
 .text.DMA_CheckFifoParam
                0x0000000008001e08       0xf8 CMakeFiles/LineFollower.dir/drivers/STM32F4xx_HAL_Driver/Src/stm32f4xx_hal_dma.c.obj
 .text.HAL_GPIO_Init
                0x0000000008001f00      0x308 CMakeFiles/LineFollower.dir/drivers/STM32F4xx_HAL_Driver/Src/stm32f4xx_hal_gpio.c.obj
                0x0000000008001f00                HAL_GPIO_Init
 .text.HAL_GPIO_ReadPin
                0x0000000008002208       0x30 CMakeFiles/LineFollower.dir/drivers/STM32F4xx_HAL_Driver/Src/stm32f4xx_hal_gpio.c.obj
                0x0000000008002208                HAL_GPIO_ReadPin
 .text.HAL_GPIO_WritePin
                0x0000000008002238       0x32 CMakeFiles/LineFollower.dir/drivers/STM32F4xx_HAL_Driver/Src/stm32f4xx_hal_gpio.c.obj
                0x0000000008002238                HAL_GPIO_WritePin
 .text.HAL_GPIO_TogglePin
                0x000000000800226a       0x34 CMakeFiles/LineFollower.dir/drivers/STM32F4xx_HAL_Driver/Src/stm32f4xx_hal_gpio.c.obj
                0x000000000800226a                HAL_GPIO_TogglePin
 *fill*         0x000000000800229e        0x2 
 .text.HAL_RCC_OscConfig
                0x00000000080022a0      0x4f0 CMakeFiles/LineFollower.dir/drivers/STM32F4xx_HAL_Driver/Src/stm32f4xx_hal_rcc.c.obj
                0x00000000080022a0                HAL_RCC_OscConfig
 .text.HAL_RCC_ClockConfig
                0x0000000008002790      0x1cc CMakeFiles/LineFollower.dir/drivers/STM32F4xx_HAL_Driver/Src/stm32f4xx_hal_rcc.c.obj
                0x0000000008002790                HAL_RCC_ClockConfig
 .text.HAL_RCC_GetSysClockFreq
                0x000000000800295c      0x18c CMakeFiles/LineFollower.dir/drivers/STM32F4xx_HAL_Driver/Src/stm32f4xx_hal_rcc.c.obj
                0x000000000800295c                HAL_RCC_GetSysClockFreq
 .text.HAL_TIM_PWM_Init
                0x0000000008002ae8       0x9e CMakeFiles/LineFollower.dir/drivers/STM32F4xx_HAL_Driver/Src/stm32f4xx_hal_tim.c.obj
                0x0000000008002ae8                HAL_TIM_PWM_Init
 .text.HAL_TIM_PWM_MspInit
                0x0000000008002b86       0x14 CMakeFiles/LineFollower.dir/drivers/STM32F4xx_HAL_Driver/Src/stm32f4xx_hal_tim.c.obj
                0x0000000008002b86                HAL_TIM_PWM_MspInit
 *fill*         0x0000000008002b9a        0x2 
 .text.HAL_TIM_PWM_Start
                0x0000000008002b9c      0x160 CMakeFiles/LineFollower.dir/drivers/STM32F4xx_HAL_Driver/Src/stm32f4xx_hal_tim.c.obj
                0x0000000008002b9c                HAL_TIM_PWM_Start
 .text.HAL_TIM_PWM_ConfigChannel
                0x0000000008002cfc      0x184 CMakeFiles/LineFollower.dir/drivers/STM32F4xx_HAL_Driver/Src/stm32f4xx_hal_tim.c.obj
                0x0000000008002cfc                HAL_TIM_PWM_ConfigChannel
 .text.TIM_Base_SetConfig
                0x0000000008002e80      0x10c CMakeFiles/LineFollower.dir/drivers/STM32F4xx_HAL_Driver/Src/stm32f4xx_hal_tim.c.obj
                0x0000000008002e80                TIM_Base_SetConfig
 .text.TIM_OC1_SetConfig
                0x0000000008002f8c       0xd0 CMakeFiles/LineFollower.dir/drivers/STM32F4xx_HAL_Driver/Src/stm32f4xx_hal_tim.c.obj
 .text.TIM_OC2_SetConfig
                0x000000000800305c       0xdc CMakeFiles/LineFollower.dir/drivers/STM32F4xx_HAL_Driver/Src/stm32f4xx_hal_tim.c.obj
                0x000000000800305c                TIM_OC2_SetConfig
 .text.TIM_OC3_SetConfig
                0x0000000008003138       0xd8 CMakeFiles/LineFollower.dir/drivers/STM32F4xx_HAL_Driver/Src/stm32f4xx_hal_tim.c.obj
 .text.TIM_OC4_SetConfig
                0x0000000008003210       0xa0 CMakeFiles/LineFollower.dir/drivers/STM32F4xx_HAL_Driver/Src/stm32f4xx_hal_tim.c.obj
 .text.TIM_CCxChannelCmd
                0x00000000080032b0       0x4a CMakeFiles/LineFollower.dir/drivers/STM32F4xx_HAL_Driver/Src/stm32f4xx_hal_tim.c.obj
                0x00000000080032b0                TIM_CCxChannelCmd
 *fill*         0x00000000080032fa        0x2 
 .text.Reset_Handler
                0x00000000080032fc       0x50 CMakeFiles/LineFollower.dir/bsp/startup_stm32f411xe.s.obj
                0x00000000080032fc                Reset_Handler
 .text.Default_Handler
                0x000000000800334c        0x2 CMakeFiles/LineFollower.dir/bsp/startup_stm32f411xe.s.obj
                0x000000000800334c                RTC_Alarm_IRQHandler
                0x000000000800334c                EXTI2_IRQHandler
                0x000000000800334c                DebugMon_Handler
                0x000000000800334c                SPI4_IRQHandler
                0x000000000800334c                TIM1_CC_IRQHandler
                0x000000000800334c                DMA2_Stream5_IRQHandler
                0x000000000800334c                HardFault_Handler
                0x000000000800334c                DMA1_Stream5_IRQHandler
                0x000000000800334c                PVD_IRQHandler
                0x000000000800334c                SDIO_IRQHandler
                0x000000000800334c                TAMP_STAMP_IRQHandler
                0x000000000800334c                PendSV_Handler
                0x000000000800334c                NMI_Handler
                0x000000000800334c                EXTI3_IRQHandler
                0x000000000800334c                TIM1_UP_TIM10_IRQHandler
                0x000000000800334c                I2C3_ER_IRQHandler
                0x000000000800334c                EXTI0_IRQHandler
                0x000000000800334c                I2C2_EV_IRQHandler
                0x000000000800334c                DMA1_Stream2_IRQHandler
                0x000000000800334c                FPU_IRQHandler
                0x000000000800334c                UsageFault_Handler
                0x000000000800334c                DMA2_Stream2_IRQHandler
                0x000000000800334c                SPI1_IRQHandler
                0x000000000800334c                TIM1_BRK_TIM9_IRQHandler
                0x000000000800334c                DMA2_Stream3_IRQHandler
                0x000000000800334c                USART6_IRQHandler
                0x000000000800334c                DMA2_Stream0_IRQHandler
                0x000000000800334c                TIM4_IRQHandler
                0x000000000800334c                I2C1_EV_IRQHandler
                0x000000000800334c                DMA1_Stream6_IRQHandler
                0x000000000800334c                DMA1_Stream1_IRQHandler
                0x000000000800334c                TIM3_IRQHandler
                0x000000000800334c                RCC_IRQHandler
                0x000000000800334c                Default_Handler
                0x000000000800334c                EXTI15_10_IRQHandler
                0x000000000800334c                ADC_IRQHandler
                0x000000000800334c                DMA1_Stream7_IRQHandler
                0x000000000800334c                SPI5_IRQHandler
                0x000000000800334c                TIM5_IRQHandler
                0x000000000800334c                DMA2_Stream7_IRQHandler
                0x000000000800334c                I2C3_EV_IRQHandler
                0x000000000800334c                EXTI9_5_IRQHandler
                0x000000000800334c                RTC_WKUP_IRQHandler
                0x000000000800334c                SPI2_IRQHandler
                0x000000000800334c                MemManage_Handler
                0x000000000800334c                DMA1_Stream0_IRQHandler
                0x000000000800334c                SVC_Handler
                0x000000000800334c                EXTI4_IRQHandler
                0x000000000800334c                WWDG_IRQHandler
                0x000000000800334c                TIM2_IRQHandler
                0x000000000800334c                OTG_FS_WKUP_IRQHandler
                0x000000000800334c                TIM1_TRG_COM_TIM11_IRQHandler
                0x000000000800334c                EXTI1_IRQHandler
                0x000000000800334c                USART2_IRQHandler
                0x000000000800334c                I2C2_ER_IRQHandler
                0x000000000800334c                DMA2_Stream1_IRQHandler
                0x000000000800334c                FLASH_IRQHandler
                0x000000000800334c                DMA2_Stream4_IRQHandler
                0x000000000800334c                BusFault_Handler
                0x000000000800334c                USART1_IRQHandler
                0x000000000800334c                OTG_FS_IRQHandler
                0x000000000800334c                SPI3_IRQHandler
                0x000000000800334c                DMA1_Stream4_IRQHandler
                0x000000000800334c                I2C1_ER_IRQHandler
                0x000000000800334c                DMA2_Stream6_IRQHandler
                0x000000000800334c                DMA1_Stream3_IRQHandler
 *(.glue_7)
 .glue_7        0x000000000800334e        0x0 linker stubs
 *(.glue_7t)
 .glue_7t       0x000000000800334e        0x0 linker stubs
 *(.eh_frame)
 *fill*         0x000000000800334e        0x2 
 .eh_frame      0x0000000008003350        0x0 /usr/lib/gcc/arm-none-eabi/10.3.1/thumb/v7e-m+fp/hard/crtbegin.o
 *(.init)
 .init          0x0000000008003350        0x4 /usr/lib/gcc/arm-none-eabi/10.3.1/thumb/v7e-m+fp/hard/crti.o
                0x0000000008003350                _init
 .init          0x0000000008003354        0x8 /usr/lib/gcc/arm-none-eabi/10.3.1/thumb/v7e-m+fp/hard/crtn.o
 *(.fini)
 .fini          0x000000000800335c        0x4 /usr/lib/gcc/arm-none-eabi/10.3.1/thumb/v7e-m+fp/hard/crti.o
                0x000000000800335c                _fini
 .fini          0x0000000008003360        0x8 /usr/lib/gcc/arm-none-eabi/10.3.1/thumb/v7e-m+fp/hard/crtn.o
                0x0000000008003368                . = ALIGN (0x4)
                0x0000000008003368                _etext = .

.vfp11_veneer   0x0000000008003368        0x0
 .vfp11_veneer  0x0000000008003368        0x0 linker stubs

.v4_bx          0x0000000008003368        0x0
 .v4_bx         0x0000000008003368        0x0 linker stubs

.iplt           0x0000000008003368        0x0
 .iplt          0x0000000008003368        0x0 /usr/lib/gcc/arm-none-eabi/10.3.1/thumb/v7e-m+fp/hard/crtbegin.o

.rodata         0x0000000008003368       0x30
                0x0000000008003368                . = ALIGN (0x4)
 *(.rodata)
 .rodata        0x0000000008003368       0x18 CMakeFiles/LineFollower.dir/bsp/src/adc.c.obj
 *(.rodata*)
 .rodata.AHBPrescTable
                0x0000000008003380       0x10 CMakeFiles/LineFollower.dir/bsp/src/system_stm32f4xx.c.obj
                0x0000000008003380                AHBPrescTable
 .rodata.flagBitshiftOffset.0
                0x0000000008003390        0x8 CMakeFiles/LineFollower.dir/drivers/STM32F4xx_HAL_Driver/Src/stm32f4xx_hal_dma.c.obj
                0x0000000008003398                . = ALIGN (0x4)

.ARM.extab      0x0000000008003398        0x0
                0x0000000008003398                . = ALIGN (0x4)
 *(.ARM.extab* .gnu.linkonce.armextab.*)
                0x0000000008003398                . = ALIGN (0x4)

.ARM            0x0000000008003398        0x8
                0x0000000008003398                . = ALIGN (0x4)
                0x0000000008003398                __exidx_start = .
 *(.ARM.exidx*)
 .ARM.exidx     0x0000000008003398        0x8 /usr/lib/gcc/arm-none-eabi/10.3.1/thumb/v7e-m+fp/hard/libgcc.a(_udivmoddi4.o)
                0x00000000080033a0                __exidx_end = .
                0x00000000080033a0                . = ALIGN (0x4)

.preinit_array  0x00000000080033a0        0x0
                0x00000000080033a0                . = ALIGN (0x4)
                0x00000000080033a0                PROVIDE (__preinit_array_start = .)
 *(.preinit_array*)
                0x00000000080033a0                PROVIDE (__preinit_array_end = .)
                0x00000000080033a0                . = ALIGN (0x4)

.init_array     0x00000000080033a0        0x4
                0x00000000080033a0                . = ALIGN (0x4)
                0x00000000080033a0                PROVIDE (__init_array_start = .)
 *(SORT_BY_NAME(.init_array.*))
 *(.init_array*)
 .init_array    0x00000000080033a0        0x4 /usr/lib/gcc/arm-none-eabi/10.3.1/thumb/v7e-m+fp/hard/crtbegin.o
                0x00000000080033a4                PROVIDE (__init_array_end = .)
                0x00000000080033a4                . = ALIGN (0x4)

.fini_array     0x00000000080033a4        0x4
                0x00000000080033a4                . = ALIGN (0x4)
                0x00000000080033a4                PROVIDE (__fini_array_start = .)
 *(SORT_BY_NAME(.fini_array.*))
 *(.fini_array*)
 .fini_array    0x00000000080033a4        0x4 /usr/lib/gcc/arm-none-eabi/10.3.1/thumb/v7e-m+fp/hard/crtbegin.o
                0x00000000080033a8                PROVIDE (__fini_array_end = .)
                0x00000000080033a8                . = ALIGN (0x4)
                0x00000000080033a8                _sidata = LOADADDR (.data)

.rel.dyn        0x00000000080033a8        0x0
 .rel.iplt      0x00000000080033a8        0x0 /usr/lib/gcc/arm-none-eabi/10.3.1/thumb/v7e-m+fp/hard/crtbegin.o

.data           0x0000000020000000        0xc load address 0x00000000080033a8
                0x0000000020000000                . = ALIGN (0x4)
                0x0000000020000000                _sdata = .
 *(.data)
 *(.data*)
 .data.SystemCoreClock
                0x0000000020000000        0x4 CMakeFiles/LineFollower.dir/bsp/src/system_stm32f4xx.c.obj
                0x0000000020000000                SystemCoreClock
 .data.uwTickPrio
                0x0000000020000004        0x4 CMakeFiles/LineFollower.dir/drivers/STM32F4xx_HAL_Driver/Src/stm32f4xx_hal.c.obj
                0x0000000020000004                uwTickPrio
 .data.uwTickFreq
                0x0000000020000008        0x1 CMakeFiles/LineFollower.dir/drivers/STM32F4xx_HAL_Driver/Src/stm32f4xx_hal.c.obj
                0x0000000020000008                uwTickFreq
 *(.RamFunc)
 *(.RamFunc*)
                0x000000002000000c                . = ALIGN (0x4)
 *fill*         0x0000000020000009        0x3 

.tm_clone_table
                0x000000002000000c        0x0 load address 0x00000000080033b4
 .tm_clone_table
                0x000000002000000c        0x0 /usr/lib/gcc/arm-none-eabi/10.3.1/thumb/v7e-m+fp/hard/crtbegin.o
 .tm_clone_table
                0x000000002000000c        0x0 /usr/lib/gcc/arm-none-eabi/10.3.1/thumb/v7e-m+fp/hard/crtend.o

.igot.plt       0x000000002000000c        0x0 load address 0x00000000080033b4
 .igot.plt      0x000000002000000c        0x0 /usr/lib/gcc/arm-none-eabi/10.3.1/thumb/v7e-m+fp/hard/crtbegin.o

.tdata          0x000000002000000c        0x0 load address 0x00000000080033b4
 *(.tdata .tdata.* .gnu.linkonce.td.*)
                0x000000002000000c                . = ALIGN (0x4)
                0x000000002000000c                _edata = .
                [!provide]                        PROVIDE (__data_end = .)
                [!provide]                        PROVIDE (__tdata_end = .)
                [!provide]                        PROVIDE (__tdata_start = ADDR (.tdata))
                [!provide]                        PROVIDE (__tdata_size = (__tdata_end - __tdata_start))
                [!provide]                        PROVIDE (__data_start = ADDR (.data))
                [!provide]                        PROVIDE (__data_size = (__data_end - __data_start))
                [!provide]                        PROVIDE (__tdata_source = LOADADDR (.tdata))
                [!provide]                        PROVIDE (__tdata_source_end = (LOADADDR (.tdata) + SIZEOF (.tdata)))
                [!provide]                        PROVIDE (__tdata_source_size = (__tdata_source_end - __tdata_source))
                [!provide]                        PROVIDE (__data_source = LOADADDR (.data))
                [!provide]                        PROVIDE (__data_source_end = __tdata_source_end)
                [!provide]                        PROVIDE (__data_source_size = (__data_source_end - __data_source))

.tbss           0x000000002000000c        0x0 load address 0x00000000080033b4
                0x000000002000000c                _sbss = .
                0x000000002000000c                __bss_start__ = _sbss
 *(.tbss .tbss.*)
                0x000000002000000c                . = ALIGN (0x4)
                [!provide]                        PROVIDE (__tbss_end = .)
                [!provide]                        PROVIDE (__tbss_start = ADDR (.tbss))
                [!provide]                        PROVIDE (__tbss_size = (__tbss_end - __tbss_start))
                [!provide]                        PROVIDE (__tbss_offset = (ADDR (.tbss) - ADDR (.tdata)))
                [!provide]                        PROVIDE (__tls_base = __tdata_start)
                [!provide]                        PROVIDE (__tls_end = __tbss_end)
                [!provide]                        PROVIDE (__tls_size = (__tls_end - __tls_base))
                [!provide]                        PROVIDE (__tls_align = MAX (ALIGNOF (.tdata), ALIGNOF (.tbss)))
                [!provide]                        PROVIDE (__tls_size_align = (((__tls_size + __tls_align) - 0x1) & ~ ((__tls_align - 0x1))))
                [!provide]                        PROVIDE (__arm32_tls_tcb_offset = MAX (0x8, __tls_align))
                [!provide]                        PROVIDE (__arm64_tls_tcb_offset = MAX (0x10, __tls_align))

.bss            0x000000002000000c      0x168 load address 0x00000000080033b4
 *(.bss)
 .bss           0x000000002000000c       0x1c /usr/lib/gcc/arm-none-eabi/10.3.1/thumb/v7e-m+fp/hard/crtbegin.o
 *(.bss*)
 .bss.prev_time
                0x0000000020000028        0x4 CMakeFiles/LineFollower.dir/app/src/blink.c.obj
 .bss.current_state
                0x000000002000002c        0x1 CMakeFiles/LineFollower.dir/app/src/fsm.c.obj
 *fill*         0x000000002000002d        0x3 
 .bss.line_pid  0x0000000020000030       0x1c CMakeFiles/LineFollower.dir/app/src/main.c.obj
                0x0000000020000030                line_pid
 .bss.LeftMotor
                0x000000002000004c       0x10 CMakeFiles/LineFollower.dir/app/src/main.c.obj
                0x000000002000004c                LeftMotor
 .bss.RightMotor
                0x000000002000005c       0x10 CMakeFiles/LineFollower.dir/app/src/main.c.obj
                0x000000002000005c                RightMotor
 .bss.hadc1     0x000000002000006c       0x48 CMakeFiles/LineFollower.dir/bsp/src/adc.c.obj
 .bss.hdma_adc1
                0x00000000200000b4       0x60 CMakeFiles/LineFollower.dir/bsp/src/adc.c.obj
 .bss.adc_raw_values
                0x0000000020000114        0xc CMakeFiles/LineFollower.dir/bsp/src/adc.c.obj
 .bss.is_handed.1
                0x0000000020000120        0x1 CMakeFiles/LineFollower.dir/bsp/src/gpio.c.obj
 *fill*         0x0000000020000121        0x3 
 .bss.last_press_time.0
                0x0000000020000124        0x4 CMakeFiles/LineFollower.dir/bsp/src/gpio.c.obj
 .bss.htim4     0x0000000020000128       0x48 CMakeFiles/LineFollower.dir/bsp/src/pwm.c.obj
                0x0000000020000128                htim4
 .bss.uwTick    0x0000000020000170        0x4 CMakeFiles/LineFollower.dir/drivers/STM32F4xx_HAL_Driver/Src/stm32f4xx_hal.c.obj
                0x0000000020000170                uwTick
 *(COMMON)
                0x0000000020000174                . = ALIGN (0x4)
                0x0000000020000174                _ebss = .
                0x0000000020000174                __bss_end__ = _ebss
                [!provide]                        PROVIDE (__bss_end = .)
                [!provide]                        PROVIDE (__non_tls_bss_start = ADDR (.bss))
                [!provide]                        PROVIDE (__bss_start = __tbss_start)
                [!provide]                        PROVIDE (__bss_size = (__bss_end - __bss_start))

._user_heap_stack
                0x0000000020000174      0x604 load address 0x00000000080033b4
                0x0000000020000178                . = ALIGN (0x8)
 *fill*         0x0000000020000174        0x4 
                [!provide]                        PROVIDE (end = .)
                [!provide]                        PROVIDE (_end = .)
                0x0000000020000378                . = (. + _Min_Heap_Size)
 *fill*         0x0000000020000178      0x200 
                0x0000000020000778                . = (. + _Min_Stack_Size)
 *fill*         0x0000000020000378      0x400 
                0x0000000020000778                . = ALIGN (0x8)

/DISCARD/
 libc.a:*(*)
 libm.a:*(*)
 libgcc.a:*(*)
OUTPUT(LineFollower.elf elf32-littlearm)
LOAD linker stubs

.ARM.attributes
                0x0000000000000000       0x30
 .ARM.attributes
                0x0000000000000000       0x1e /usr/lib/gcc/arm-none-eabi/10.3.1/thumb/v7e-m+fp/hard/crti.o
 .ARM.attributes
                0x000000000000001e       0x34 /usr/lib/gcc/arm-none-eabi/10.3.1/thumb/v7e-m+fp/hard/crtbegin.o
 .ARM.attributes
                0x0000000000000052       0x34 CMakeFiles/LineFollower.dir/app/src/blink.c.obj
 .ARM.attributes
                0x0000000000000086       0x34 CMakeFiles/LineFollower.dir/app/src/fsm.c.obj
 .ARM.attributes
                0x00000000000000ba       0x34 CMakeFiles/LineFollower.dir/app/src/main.c.obj
 .ARM.attributes
                0x00000000000000ee       0x34 CMakeFiles/LineFollower.dir/app/src/motor.c.obj
 .ARM.attributes
                0x0000000000000122       0x34 CMakeFiles/LineFollower.dir/app/src/pid.c.obj
 .ARM.attributes
                0x0000000000000156       0x34 CMakeFiles/LineFollower.dir/app/src/sensor.c.obj
 .ARM.attributes
                0x000000000000018a       0x34 CMakeFiles/LineFollower.dir/bsp/src/adc.c.obj
 .ARM.attributes
                0x00000000000001be       0x34 CMakeFiles/LineFollower.dir/bsp/src/gpio.c.obj
 .ARM.attributes
                0x00000000000001f2       0x34 CMakeFiles/LineFollower.dir/bsp/src/pwm.c.obj
 .ARM.attributes
                0x0000000000000226       0x34 CMakeFiles/LineFollower.dir/bsp/src/system_stm32f4xx.c.obj
 .ARM.attributes
                0x000000000000025a       0x34 CMakeFiles/LineFollower.dir/drivers/STM32F4xx_HAL_Driver/Src/stm32f4xx_hal.c.obj
 .ARM.attributes
                0x000000000000028e       0x34 CMakeFiles/LineFollower.dir/drivers/STM32F4xx_HAL_Driver/Src/stm32f4xx_hal_adc.c.obj
 .ARM.attributes
                0x00000000000002c2       0x34 CMakeFiles/LineFollower.dir/drivers/STM32F4xx_HAL_Driver/Src/stm32f4xx_hal_cortex.c.obj
 .ARM.attributes
                0x00000000000002f6       0x34 CMakeFiles/LineFollower.dir/drivers/STM32F4xx_HAL_Driver/Src/stm32f4xx_hal_dma.c.obj
 .ARM.attributes
                0x000000000000032a       0x34 CMakeFiles/LineFollower.dir/drivers/STM32F4xx_HAL_Driver/Src/stm32f4xx_hal_gpio.c.obj
 .ARM.attributes
                0x000000000000035e       0x34 CMakeFiles/LineFollower.dir/drivers/STM32F4xx_HAL_Driver/Src/stm32f4xx_hal_rcc.c.obj
 .ARM.attributes
                0x0000000000000392       0x34 CMakeFiles/LineFollower.dir/drivers/STM32F4xx_HAL_Driver/Src/stm32f4xx_hal_tim.c.obj
 .ARM.attributes
                0x00000000000003c6       0x21 CMakeFiles/LineFollower.dir/bsp/startup_stm32f411xe.s.obj
 .ARM.attributes
                0x00000000000003e7       0x1e /usr/lib/gcc/arm-none-eabi/10.3.1/thumb/v7e-m+fp/hard/libgcc.a(_aeabi_uldivmod.o)
 .ARM.attributes
                0x0000000000000405       0x34 /usr/lib/gcc/arm-none-eabi/10.3.1/thumb/v7e-m+fp/hard/libgcc.a(_udivmoddi4.o)
 .ARM.attributes
                0x0000000000000439       0x1e /usr/lib/gcc/arm-none-eabi/10.3.1/thumb/v7e-m+fp/hard/libgcc.a(_dvmd_tls.o)
 .ARM.attributes
                0x0000000000000457       0x34 /usr/lib/gcc/arm-none-eabi/10.3.1/../../../arm-none-eabi/lib/thumb/v7e-m+fp/hard/libc_nano.a(lib_a-init.o)
 .ARM.attributes
                0x000000000000048b       0x34 /usr/lib/gcc/arm-none-eabi/10.3.1/../../../arm-none-eabi/lib/thumb/v7e-m+fp/hard/libc_nano.a(lib_a-memset.o)
 .ARM.attributes
                0x00000000000004bf       0x32 /usr/lib/gcc/arm-none-eabi/10.3.1/thumb/v7e-m+fp/hard/crtend.o
 .ARM.attributes
                0x00000000000004f1       0x1e /usr/lib/gcc/arm-none-eabi/10.3.1/thumb/v7e-m+fp/hard/crtn.o

.comment        0x0000000000000000       0x33
 .comment       0x0000000000000000       0x33 /usr/lib/gcc/arm-none-eabi/10.3.1/thumb/v7e-m+fp/hard/crtbegin.o
                                         0x34 (size before relaxing)
 .comment       0x0000000000000033       0x34 CMakeFiles/LineFollower.dir/app/src/blink.c.obj
 .comment       0x0000000000000033       0x34 CMakeFiles/LineFollower.dir/app/src/fsm.c.obj
 .comment       0x0000000000000033       0x34 CMakeFiles/LineFollower.dir/app/src/main.c.obj
 .comment       0x0000000000000033       0x34 CMakeFiles/LineFollower.dir/app/src/motor.c.obj
 .comment       0x0000000000000033       0x34 CMakeFiles/LineFollower.dir/app/src/pid.c.obj
 .comment       0x0000000000000033       0x34 CMakeFiles/LineFollower.dir/app/src/sensor.c.obj
 .comment       0x0000000000000033       0x34 CMakeFiles/LineFollower.dir/bsp/src/adc.c.obj
 .comment       0x0000000000000033       0x34 CMakeFiles/LineFollower.dir/bsp/src/gpio.c.obj
 .comment       0x0000000000000033       0x34 CMakeFiles/LineFollower.dir/bsp/src/pwm.c.obj
 .comment       0x0000000000000033       0x34 CMakeFiles/LineFollower.dir/bsp/src/system_stm32f4xx.c.obj
 .comment       0x0000000000000033       0x34 CMakeFiles/LineFollower.dir/drivers/STM32F4xx_HAL_Driver/Src/stm32f4xx_hal.c.obj
 .comment       0x0000000000000033       0x34 CMakeFiles/LineFollower.dir/drivers/STM32F4xx_HAL_Driver/Src/stm32f4xx_hal_adc.c.obj
 .comment       0x0000000000000033       0x34 CMakeFiles/LineFollower.dir/drivers/STM32F4xx_HAL_Driver/Src/stm32f4xx_hal_cortex.c.obj
 .comment       0x0000000000000033       0x34 CMakeFiles/LineFollower.dir/drivers/STM32F4xx_HAL_Driver/Src/stm32f4xx_hal_dma.c.obj
 .comment       0x0000000000000033       0x34 CMakeFiles/LineFollower.dir/drivers/STM32F4xx_HAL_Driver/Src/stm32f4xx_hal_gpio.c.obj
 .comment       0x0000000000000033       0x34 CMakeFiles/LineFollower.dir/drivers/STM32F4xx_HAL_Driver/Src/stm32f4xx_hal_rcc.c.obj
 .comment       0x0000000000000033       0x34 CMakeFiles/LineFollower.dir/drivers/STM32F4xx_HAL_Driver/Src/stm32f4xx_hal_tim.c.obj
 .comment       0x0000000000000033       0x34 /usr/lib/gcc/arm-none-eabi/10.3.1/thumb/v7e-m+fp/hard/libgcc.a(_udivmoddi4.o)
 .comment       0x0000000000000033       0x34 /usr/lib/gcc/arm-none-eabi/10.3.1/../../../arm-none-eabi/lib/thumb/v7e-m+fp/hard/libc_nano.a(lib_a-init.o)
 .comment       0x0000000000000033       0x34 /usr/lib/gcc/arm-none-eabi/10.3.1/../../../arm-none-eabi/lib/thumb/v7e-m+fp/hard/libc_nano.a(lib_a-memset.o)
 .comment       0x0000000000000033       0x34 /usr/lib/gcc/arm-none-eabi/10.3.1/thumb/v7e-m+fp/hard/crtend.o

.debug_line     0x0000000000000000      0x965
 .debug_line    0x0000000000000000       0x60 /usr/lib/gcc/arm-none-eabi/10.3.1/thumb/v7e-m+fp/hard/libgcc.a(_aeabi_uldivmod.o)
 .debug_line    0x0000000000000060      0x5ae /usr/lib/gcc/arm-none-eabi/10.3.1/thumb/v7e-m+fp/hard/libgcc.a(_udivmoddi4.o)
 .debug_line    0x000000000000060e       0x60 /usr/lib/gcc/arm-none-eabi/10.3.1/thumb/v7e-m+fp/hard/libgcc.a(_dvmd_tls.o)
 .debug_line    0x000000000000066e      0x138 /usr/lib/gcc/arm-none-eabi/10.3.1/../../../arm-none-eabi/lib/thumb/v7e-m+fp/hard/libc_nano.a(lib_a-init.o)
 .debug_line    0x00000000000007a6      0x1bf /usr/lib/gcc/arm-none-eabi/10.3.1/../../../arm-none-eabi/lib/thumb/v7e-m+fp/hard/libc_nano.a(lib_a-memset.o)

.debug_info     0x0000000000000000      0x9b4
 .debug_info    0x0000000000000000       0x26 /usr/lib/gcc/arm-none-eabi/10.3.1/thumb/v7e-m+fp/hard/libgcc.a(_aeabi_uldivmod.o)
 .debug_info    0x0000000000000026      0x717 /usr/lib/gcc/arm-none-eabi/10.3.1/thumb/v7e-m+fp/hard/libgcc.a(_udivmoddi4.o)
 .debug_info    0x000000000000073d       0x26 /usr/lib/gcc/arm-none-eabi/10.3.1/thumb/v7e-m+fp/hard/libgcc.a(_dvmd_tls.o)
 .debug_info    0x0000000000000763      0x11a /usr/lib/gcc/arm-none-eabi/10.3.1/../../../arm-none-eabi/lib/thumb/v7e-m+fp/hard/libc_nano.a(lib_a-init.o)
 .debug_info    0x000000000000087d      0x137 /usr/lib/gcc/arm-none-eabi/10.3.1/../../../arm-none-eabi/lib/thumb/v7e-m+fp/hard/libc_nano.a(lib_a-memset.o)

.debug_abbrev   0x0000000000000000      0x30b
 .debug_abbrev  0x0000000000000000       0x14 /usr/lib/gcc/arm-none-eabi/10.3.1/thumb/v7e-m+fp/hard/libgcc.a(_aeabi_uldivmod.o)
 .debug_abbrev  0x0000000000000014      0x163 /usr/lib/gcc/arm-none-eabi/10.3.1/thumb/v7e-m+fp/hard/libgcc.a(_udivmoddi4.o)
 .debug_abbrev  0x0000000000000177       0x14 /usr/lib/gcc/arm-none-eabi/10.3.1/thumb/v7e-m+fp/hard/libgcc.a(_dvmd_tls.o)
 .debug_abbrev  0x000000000000018b       0xcc /usr/lib/gcc/arm-none-eabi/10.3.1/../../../arm-none-eabi/lib/thumb/v7e-m+fp/hard/libc_nano.a(lib_a-init.o)
 .debug_abbrev  0x0000000000000257       0xb4 /usr/lib/gcc/arm-none-eabi/10.3.1/../../../arm-none-eabi/lib/thumb/v7e-m+fp/hard/libc_nano.a(lib_a-memset.o)

.debug_aranges  0x0000000000000000       0xa0
 .debug_aranges
                0x0000000000000000       0x20 /usr/lib/gcc/arm-none-eabi/10.3.1/thumb/v7e-m+fp/hard/libgcc.a(_aeabi_uldivmod.o)
 .debug_aranges
                0x0000000000000020       0x20 /usr/lib/gcc/arm-none-eabi/10.3.1/thumb/v7e-m+fp/hard/libgcc.a(_udivmoddi4.o)
 .debug_aranges
                0x0000000000000040       0x20 /usr/lib/gcc/arm-none-eabi/10.3.1/thumb/v7e-m+fp/hard/libgcc.a(_dvmd_tls.o)
 .debug_aranges
                0x0000000000000060       0x20 /usr/lib/gcc/arm-none-eabi/10.3.1/../../../arm-none-eabi/lib/thumb/v7e-m+fp/hard/libc_nano.a(lib_a-init.o)
 .debug_aranges
                0x0000000000000080       0x20 /usr/lib/gcc/arm-none-eabi/10.3.1/../../../arm-none-eabi/lib/thumb/v7e-m+fp/hard/libc_nano.a(lib_a-memset.o)

.debug_str      0x0000000000000000      0x89d
 .debug_str     0x0000000000000000       0xa6 /usr/lib/gcc/arm-none-eabi/10.3.1/thumb/v7e-m+fp/hard/libgcc.a(_aeabi_uldivmod.o)
 .debug_str     0x00000000000000a6      0x5a0 /usr/lib/gcc/arm-none-eabi/10.3.1/thumb/v7e-m+fp/hard/libgcc.a(_udivmoddi4.o)
                                        0x647 (size before relaxing)
 .debug_str     0x0000000000000646       0x30 /usr/lib/gcc/arm-none-eabi/10.3.1/thumb/v7e-m+fp/hard/libgcc.a(_dvmd_tls.o)
                                         0xaa (size before relaxing)
 .debug_str     0x0000000000000676      0x176 /usr/lib/gcc/arm-none-eabi/10.3.1/../../../arm-none-eabi/lib/thumb/v7e-m+fp/hard/libc_nano.a(lib_a-init.o)
                                        0x20b (size before relaxing)
 .debug_str     0x00000000000007ec       0xb1 /usr/lib/gcc/arm-none-eabi/10.3.1/../../../arm-none-eabi/lib/thumb/v7e-m+fp/hard/libc_nano.a(lib_a-memset.o)
                                        0x1c0 (size before relaxing)

.debug_frame    0x0000000000000000       0xb8
 .debug_frame   0x0000000000000000       0x2c /usr/lib/gcc/arm-none-eabi/10.3.1/thumb/v7e-m+fp/hard/libgcc.a(_aeabi_uldivmod.o)
 .debug_frame   0x000000000000002c       0x34 /usr/lib/gcc/arm-none-eabi/10.3.1/thumb/v7e-m+fp/hard/libgcc.a(_udivmoddi4.o)
 .debug_frame   0x0000000000000060       0x2c /usr/lib/gcc/arm-none-eabi/10.3.1/../../../arm-none-eabi/lib/thumb/v7e-m+fp/hard/libc_nano.a(lib_a-init.o)
 .debug_frame   0x000000000000008c       0x2c /usr/lib/gcc/arm-none-eabi/10.3.1/../../../arm-none-eabi/lib/thumb/v7e-m+fp/hard/libc_nano.a(lib_a-memset.o)

.debug_loc      0x0000000000000000     0x12f5
 .debug_loc     0x0000000000000000     0x100f /usr/lib/gcc/arm-none-eabi/10.3.1/thumb/v7e-m+fp/hard/libgcc.a(_udivmoddi4.o)
 .debug_loc     0x000000000000100f       0xba /usr/lib/gcc/arm-none-eabi/10.3.1/../../../arm-none-eabi/lib/thumb/v7e-m+fp/hard/libc_nano.a(lib_a-init.o)
 .debug_loc     0x00000000000010c9      0x22c /usr/lib/gcc/arm-none-eabi/10.3.1/../../../arm-none-eabi/lib/thumb/v7e-m+fp/hard/libc_nano.a(lib_a-memset.o)

.debug_ranges   0x0000000000000000       0xe8
 .debug_ranges  0x0000000000000000       0xe8 /usr/lib/gcc/arm-none-eabi/10.3.1/thumb/v7e-m+fp/hard/libgcc.a(_udivmoddi4.o)
